
> react-typescript-starter@0.1.0 test
> react-scripts test "--coverage"

FAIL src/App.test.tsx
  ● Test suite failed to run

    Jest encountered an unexpected token

    Jest failed to parse a file. This happens e.g. when your code or its dependencies use non-standard JavaScript syntax, or when Jest is not configured to support such syntax.

    Out of the box Jest supports Babel, which will be used to transform your files into valid JS based on your Babel configuration.

    By default "node_modules" folder is ignored by transformers.

    Here's what you can do:
     • If you are trying to use ECMAScript Modules, see https://jestjs.io/docs/ecmascript-modules for how to enable it.
     • If you are trying to use TypeScript, see https://jestjs.io/docs/getting-started#using-typescript
     • To have some of your "node_modules" files transformed, you can specify a custom "transformIgnorePatterns" in your config.
     • If you need a custom transformation specify a "transform" option in your config.
     • If you simply want to mock your non-JS modules (e.g. binary assets) you can stub them out with the "moduleNameMapper" config option.

    You'll find more details and examples of these config options in the docs:
    https://jestjs.io/docs/configuration
    For information about custom transformations, see:
    https://jestjs.io/docs/code-transformation

    Details:

    /home/runner/work/cis-scheduler-team-21/cis-scheduler-team-21/node_modules/react-bootstrap/esm/DropdownItem.js:1
    ({"Object.<anonymous>":function(module,exports,require,__dirname,__filename,jest){import classNames from 'classnames';
                                                                                      ^^^^^^

    SyntaxError: Cannot use import statement outside a module

      1 | import React, { useState } from "react";
      2 | import { Button, Dropdown, Form } from "react-bootstrap";
    > 3 | import DropdownItem from "react-bootstrap/esm/DropdownItem";
        | ^
      4 | import DropdownMenu from "react-bootstrap/esm/DropdownMenu";
      5 | import { Plan } from "../Interfaces/Courses";
      6 | import { PlanContainer } from "./PlanContainer";

      at Runtime.createScriptFromCode (node_modules/jest-runtime/build/index.js:1728:14)
      at Object.<anonymous> (src/Components/MakePlan.tsx:3:1)

-------------------------|---------|----------|---------|---------|-------------------
File                     | % Stmts | % Branch | % Funcs | % Lines | Uncovered Line #s 
-------------------------|---------|----------|---------|---------|-------------------
All files                |       0 |        0 |       0 |       0 |                   
 src                     |       0 |      100 |       0 |       0 |                   
  App.tsx                |       0 |      100 |       0 |       0 | 13                
 src/Components          |       0 |        0 |       0 |       0 |                   
  AddSemester.tsx        |       0 |        0 |       0 |       0 | 10-124            
  CommonPlan.tsx         |       0 |        0 |       0 |       0 | 9-24              
  FallDataToArray.tsx    |       0 |        0 |       0 |       0 | 13-132            
  Homepage.tsx           |       0 |      100 |       0 |       0 | 7                 
  MakePlan.tsx           |       0 |        0 |       0 |       0 | 12-101            
  PlanContainer.tsx      |       0 |        0 |       0 |       0 | 18-111            
  ShowFallSemester.tsx   |       0 |        0 |       0 |       0 | 10                
  ShowSpringSemester.tsx |       0 |        0 |       0 |       0 | 10                
  ShowSummerSession.tsx  |       0 |        0 |       0 |       0 | 10                
  ShowWinterSession.tsx  |       0 |        0 |       0 |       0 | 10                
  SpringDataToArray.tsx  |       0 |        0 |       0 |       0 | 13-132            
  SummerDataToArray.tsx  |       0 |        0 |       0 |       0 | 13-131            
  WinterDataToArray.tsx  |       0 |        0 |       0 |       0 | 13-131            
 src/Interfaces          |       0 |        0 |       0 |       0 |                   
  Courses.ts             |       0 |        0 |       0 |       0 |                   
  semesterInterfaces.tsx |       0 |        0 |       0 |       0 |                   
-------------------------|---------|----------|---------|---------|-------------------
Test Suites: 1 failed, 1 total
Tests:       0 total
Snapshots:   0 total
Time:        3.082 s
Ran all test suites.
